V3 3
FL /home/linus/Documents/Xilinx/profile/top_level.vhd 2020/11/03.04:01:36 P.20131013
EN work/top_level 1604404902 \
      FL /home/linus/Documents/Xilinx/profile/top_level.vhd \
      PB ieee/std_logic_1164 1381692176 PB ieee/NUMERIC_STD 1381692181
AR work/top_level/Behavioral 1604404903 \
      FL /home/linus/Documents/Xilinx/profile/top_level.vhd EN work/top_level 1604404902
