--------------------------------------------------------------------------------
Release 14.7 Trace  (lin64)
Copyright (c) 1995-2013 Xilinx, Inc.  All rights reserved.

/opt/Xilinx/14.7/ISE_DS/ISE/bin/lin64/unwrapped/trce -intstyle ise -v 3 -s 4 -n
3 -fastpaths -xml top_level.twx top_level.ncd -o top_level.twr top_level.pcf
-ucf top_level.ucf

Design file:              top_level.ncd
Physical constraint file: top_level.pcf
Device,package,speed:     xc3s500e,fg320,-4 (PRODUCTION 1.27 2013-10-13)
Report level:             verbose report

Environment Variable      Effect 
--------------------      ------ 
NONE                      No environment variables were set
--------------------------------------------------------------------------------

INFO:Timing:3412 - To improve timing, see the Timing Closure User Guide (UG612).
INFO:Timing:2752 - To get complete path coverage, use the unconstrained paths 
   option. All paths that are not constrained will be reported in the 
   unconstrained paths section(s) of the report.
INFO:Timing:3339 - The clock-to-out numbers in this timing report are based on 
   a 50 Ohm transmission line loading model.  For the details of this model, 
   and for more information on accounting for different loading conditions, 
   please see the device datasheet.
INFO:Timing:3390 - This architecture does not support a default System Jitter 
   value, please add SYSTEM_JITTER constraint to the UCF to modify the Clock 
   Uncertainty calculation.
INFO:Timing:3389 - This architecture does not support 'Discrete Jitter' and 
   'Phase Error' calculations, these terms will be zero in the Clock 
   Uncertainty calculation.  Please make appropriate modification to 
   SYSTEM_JITTER to account for the unsupported Discrete Jitter and Phase 
   Error.

================================================================================
Timing constraint: TS_sys_clk_pin = PERIOD TIMEGRP "sys_clk_pin" 50 MHz HIGH 
50%;
For more information, see Period Analysis in the Timing Closure User Guide (UG612).

 79079 paths analyzed, 2874 endpoints analyzed, 0 failing endpoints
 0 timing errors detected. (0 setup errors, 0 hold errors, 0 component switching limit errors)
 Minimum period is  15.297ns.
--------------------------------------------------------------------------------

Paths for end point mcs_0/U0/microblaze_I/MicroBlaze_Core_I/Area.Data_Flow_I/Operand_Select_I/Using_FPGA.OpSelect_Bits[31].Operand_Select_Bit_I/Op1_DFF (SLICE_X64Y32.BX), 181 paths
--------------------------------------------------------------------------------
Slack (setup path):     4.703ns (requirement - (data path - clock path skew + uncertainty))
  Source:               mcs_0/U0/microblaze_I/MicroBlaze_Core_I/Area.Decode_I/PreFetch_Buffer_I/Using_FPGA.Buffer_DFFs[3].FDS_I (FF)
  Destination:          mcs_0/U0/microblaze_I/MicroBlaze_Core_I/Area.Data_Flow_I/Operand_Select_I/Using_FPGA.OpSelect_Bits[31].Operand_Select_Bit_I/Op1_DFF (FF)
  Requirement:          20.000ns
  Data Path Delay:      15.297ns (Levels of Logic = 4)
  Clock Path Skew:      0.000ns
  Source Clock:         Clk_BUFGP rising at 0.000ns
  Destination Clock:    Clk_BUFGP rising at 20.000ns
  Clock Uncertainty:    0.000ns

  Maximum Data Path: mcs_0/U0/microblaze_I/MicroBlaze_Core_I/Area.Decode_I/PreFetch_Buffer_I/Using_FPGA.Buffer_DFFs[3].FDS_I to mcs_0/U0/microblaze_I/MicroBlaze_Core_I/Area.Data_Flow_I/Operand_Select_I/Using_FPGA.OpSelect_Bits[31].Operand_Select_Bit_I/Op1_DFF
    Location             Delay type         Delay(ns)  Physical Resource
                                                       Logical Resource(s)
    -------------------------------------------------  -------------------
    SLICE_X55Y62.YQ      Tcko                  0.587   mcs_0/U0/microblaze_I/MicroBlaze_Core_I/buffer_Addr<3>
                                                       mcs_0/U0/microblaze_I/MicroBlaze_Core_I/Area.Decode_I/PreFetch_Buffer_I/Using_FPGA.Buffer_DFFs[3].FDS_I
    SLICE_X64Y78.F1      net (fanout=44)       3.221   mcs_0/U0/microblaze_I/MicroBlaze_Core_I/buffer_Addr<3>
    SLICE_X64Y78.X       Tilo                  0.759   mcs_0/U0/microblaze_I/MicroBlaze_Core_I/reg1_Addr<3>
                                                       mcs_0/U0/microblaze_I/MicroBlaze_Core_I/Area.Decode_I/PreFetch_Buffer_I/Using_FPGA.PreFetch_Buffers[14].SRL16E_I/Use_unisim.MB_SRL16E_I1
    SLICE_X64Y26.F4      net (fanout=66)       6.379   mcs_0/U0/microblaze_I/MicroBlaze_Core_I/reg1_Addr<3>
    SLICE_X64Y26.X       Tilo                  0.759   mcs_0/U0/microblaze_I/MicroBlaze_Core_I/Area.Data_Flow_I/Register_File_I/Using_FPGA.Gen_RegFile[31].Register_File_Bit_I/reg1_Data_Low
                                                       mcs_0/U0/microblaze_I/MicroBlaze_Core_I/Area.Data_Flow_I/Register_File_I/Using_FPGA.Gen_RegFile[31].Register_File_Bit_I/Using_LUT4.RAM16x1D_Reg1_Low.SLICEM_F
    SLICE_X67Y27.F2      net (fanout=1)        0.427   mcs_0/U0/microblaze_I/MicroBlaze_Core_I/Area.Data_Flow_I/Register_File_I/Using_FPGA.Gen_RegFile[31].Register_File_Bit_I/reg1_Data_Low
    SLICE_X67Y27.X       Tilo                  0.704   mcs_0/U0/microblaze_I/MicroBlaze_Core_I/Area.Data_Flow_I/reg1_Data<31>
                                                       mcs_0/U0/microblaze_I/MicroBlaze_Core_I/Area.Data_Flow_I/Register_File_I/Using_FPGA.Gen_RegFile[31].Register_File_Bit_I/Using_LUT4.Reg1_Mux
    SLICE_X65Y32.G2      net (fanout=1)        0.643   mcs_0/U0/microblaze_I/MicroBlaze_Core_I/Area.Data_Flow_I/reg1_Data<31>
    SLICE_X65Y32.X       Tif5x                 1.025   mcs_0/U0/microblaze_I/MicroBlaze_Core_I/Area.Data_Flow_I/reg1<31>
                                                       mcs_0/U0/microblaze_I/MicroBlaze_Core_I/Area.Data_Flow_I/Operand_Select_I/Using_FPGA.OpSelect_Bits[31].Operand_Select_Bit_I/Using_LUT4_1.Op1_Mux2_1
                                                       mcs_0/U0/microblaze_I/MicroBlaze_Core_I/Area.Data_Flow_I/Operand_Select_I/Using_FPGA.OpSelect_Bits[31].Operand_Select_Bit_I/Using_LUT4_1.Op1_MUXF5
    SLICE_X64Y32.BX      net (fanout=1)        0.433   mcs_0/U0/microblaze_I/MicroBlaze_Core_I/Area.Data_Flow_I/Operand_Select_I/Using_FPGA.OpSelect_Bits[31].Operand_Select_Bit_I/op1_I
    SLICE_X64Y32.CLK     Tdick                 0.360   mcs_0/U0/microblaze_I/MicroBlaze_Core_I/Op1_Low<1>
                                                       mcs_0/U0/microblaze_I/MicroBlaze_Core_I/Area.Data_Flow_I/Operand_Select_I/Using_FPGA.OpSelect_Bits[31].Operand_Select_Bit_I/Op1_DFF
    -------------------------------------------------  ---------------------------
    Total                                     15.297ns (4.194ns logic, 11.103ns route)
                                                       (27.4% logic, 72.6% route)

--------------------------------------------------------------------------------
Slack (setup path):     4.759ns (requirement - (data path - clock path skew + uncertainty))
  Source:               mcs_0/U0/microblaze_I/MicroBlaze_Core_I/Area.Decode_I/PreFetch_Buffer_I/Using_FPGA.Buffer_DFFs[2].FDS_I (FF)
  Destination:          mcs_0/U0/microblaze_I/MicroBlaze_Core_I/Area.Data_Flow_I/Operand_Select_I/Using_FPGA.OpSelect_Bits[31].Operand_Select_Bit_I/Op1_DFF (FF)
  Requirement:          20.000ns
  Data Path Delay:      15.241ns (Levels of Logic = 4)
  Clock Path Skew:      0.000ns
  Source Clock:         Clk_BUFGP rising at 0.000ns
  Destination Clock:    Clk_BUFGP rising at 20.000ns
  Clock Uncertainty:    0.000ns

  Maximum Data Path: mcs_0/U0/microblaze_I/MicroBlaze_Core_I/Area.Decode_I/PreFetch_Buffer_I/Using_FPGA.Buffer_DFFs[2].FDS_I to mcs_0/U0/microblaze_I/MicroBlaze_Core_I/Area.Data_Flow_I/Operand_Select_I/Using_FPGA.OpSelect_Bits[31].Operand_Select_Bit_I/Op1_DFF
    Location             Delay type         Delay(ns)  Physical Resource
                                                       Logical Resource(s)
    -------------------------------------------------  -------------------
    SLICE_X55Y63.XQ      Tcko                  0.591   mcs_0/U0/microblaze_I/MicroBlaze_Core_I/buffer_Addr<2>
                                                       mcs_0/U0/microblaze_I/MicroBlaze_Core_I/Area.Decode_I/PreFetch_Buffer_I/Using_FPGA.Buffer_DFFs[2].FDS_I
    SLICE_X64Y78.F2      net (fanout=44)       3.161   mcs_0/U0/microblaze_I/MicroBlaze_Core_I/buffer_Addr<2>
    SLICE_X64Y78.X       Tilo                  0.759   mcs_0/U0/microblaze_I/MicroBlaze_Core_I/reg1_Addr<3>
                                                       mcs_0/U0/microblaze_I/MicroBlaze_Core_I/Area.Decode_I/PreFetch_Buffer_I/Using_FPGA.PreFetch_Buffers[14].SRL16E_I/Use_unisim.MB_SRL16E_I1
    SLICE_X64Y26.F4      net (fanout=66)       6.379   mcs_0/U0/microblaze_I/MicroBlaze_Core_I/reg1_Addr<3>
    SLICE_X64Y26.X       Tilo                  0.759   mcs_0/U0/microblaze_I/MicroBlaze_Core_I/Area.Data_Flow_I/Register_File_I/Using_FPGA.Gen_RegFile[31].Register_File_Bit_I/reg1_Data_Low
                                                       mcs_0/U0/microblaze_I/MicroBlaze_Core_I/Area.Data_Flow_I/Register_File_I/Using_FPGA.Gen_RegFile[31].Register_File_Bit_I/Using_LUT4.RAM16x1D_Reg1_Low.SLICEM_F
    SLICE_X67Y27.F2      net (fanout=1)        0.427   mcs_0/U0/microblaze_I/MicroBlaze_Core_I/Area.Data_Flow_I/Register_File_I/Using_FPGA.Gen_RegFile[31].Register_File_Bit_I/reg1_Data_Low
    SLICE_X67Y27.X       Tilo                  0.704   mcs_0/U0/microblaze_I/MicroBlaze_Core_I/Area.Data_Flow_I/reg1_Data<31>
                                                       mcs_0/U0/microblaze_I/MicroBlaze_Core_I/Area.Data_Flow_I/Register_File_I/Using_FPGA.Gen_RegFile[31].Register_File_Bit_I/Using_LUT4.Reg1_Mux
    SLICE_X65Y32.G2      net (fanout=1)        0.643   mcs_0/U0/microblaze_I/MicroBlaze_Core_I/Area.Data_Flow_I/reg1_Data<31>
    SLICE_X65Y32.X       Tif5x                 1.025   mcs_0/U0/microblaze_I/MicroBlaze_Core_I/Area.Data_Flow_I/reg1<31>
                                                       mcs_0/U0/microblaze_I/MicroBlaze_Core_I/Area.Data_Flow_I/Operand_Select_I/Using_FPGA.OpSelect_Bits[31].Operand_Select_Bit_I/Using_LUT4_1.Op1_Mux2_1
                                                       mcs_0/U0/microblaze_I/MicroBlaze_Core_I/Area.Data_Flow_I/Operand_Select_I/Using_FPGA.OpSelect_Bits[31].Operand_Select_Bit_I/Using_LUT4_1.Op1_MUXF5
    SLICE_X64Y32.BX      net (fanout=1)        0.433   mcs_0/U0/microblaze_I/MicroBlaze_Core_I/Area.Data_Flow_I/Operand_Select_I/Using_FPGA.OpSelect_Bits[31].Operand_Select_Bit_I/op1_I
    SLICE_X64Y32.CLK     Tdick                 0.360   mcs_0/U0/microblaze_I/MicroBlaze_Core_I/Op1_Low<1>
                                                       mcs_0/U0/microblaze_I/MicroBlaze_Core_I/Area.Data_Flow_I/Operand_Select_I/Using_FPGA.OpSelect_Bits[31].Operand_Select_Bit_I/Op1_DFF
    -------------------------------------------------  ---------------------------
    Total                                     15.241ns (4.198ns logic, 11.043ns route)
                                                       (27.5% logic, 72.5% route)

--------------------------------------------------------------------------------
Slack (setup path):     5.062ns (requirement - (data path - clock path skew + uncertainty))
  Source:               mcs_0/U0/microblaze_I/MicroBlaze_Core_I/Area.Decode_I/PreFetch_Buffer_I/Using_FPGA.Buffer_DFFs[1].FDS_I (FF)
  Destination:          mcs_0/U0/microblaze_I/MicroBlaze_Core_I/Area.Data_Flow_I/Operand_Select_I/Using_FPGA.OpSelect_Bits[31].Operand_Select_Bit_I/Op1_DFF (FF)
  Requirement:          20.000ns
  Data Path Delay:      14.938ns (Levels of Logic = 4)
  Clock Path Skew:      0.000ns
  Source Clock:         Clk_BUFGP rising at 0.000ns
  Destination Clock:    Clk_BUFGP rising at 20.000ns
  Clock Uncertainty:    0.000ns

  Maximum Data Path: mcs_0/U0/microblaze_I/MicroBlaze_Core_I/Area.Decode_I/PreFetch_Buffer_I/Using_FPGA.Buffer_DFFs[1].FDS_I to mcs_0/U0/microblaze_I/MicroBlaze_Core_I/Area.Data_Flow_I/Operand_Select_I/Using_FPGA.OpSelect_Bits[31].Operand_Select_Bit_I/Op1_DFF
    Location             Delay type         Delay(ns)  Physical Resource
                                                       Logical Resource(s)
    -------------------------------------------------  -------------------
    SLICE_X55Y63.YQ      Tcko                  0.587   mcs_0/U0/microblaze_I/MicroBlaze_Core_I/buffer_Addr<2>
                                                       mcs_0/U0/microblaze_I/MicroBlaze_Core_I/Area.Decode_I/PreFetch_Buffer_I/Using_FPGA.Buffer_DFFs[1].FDS_I
    SLICE_X64Y78.F3      net (fanout=45)       2.862   mcs_0/U0/microblaze_I/MicroBlaze_Core_I/buffer_Addr<1>
    SLICE_X64Y78.X       Tilo                  0.759   mcs_0/U0/microblaze_I/MicroBlaze_Core_I/reg1_Addr<3>
                                                       mcs_0/U0/microblaze_I/MicroBlaze_Core_I/Area.Decode_I/PreFetch_Buffer_I/Using_FPGA.PreFetch_Buffers[14].SRL16E_I/Use_unisim.MB_SRL16E_I1
    SLICE_X64Y26.F4      net (fanout=66)       6.379   mcs_0/U0/microblaze_I/MicroBlaze_Core_I/reg1_Addr<3>
    SLICE_X64Y26.X       Tilo                  0.759   mcs_0/U0/microblaze_I/MicroBlaze_Core_I/Area.Data_Flow_I/Register_File_I/Using_FPGA.Gen_RegFile[31].Register_File_Bit_I/reg1_Data_Low
                                                       mcs_0/U0/microblaze_I/MicroBlaze_Core_I/Area.Data_Flow_I/Register_File_I/Using_FPGA.Gen_RegFile[31].Register_File_Bit_I/Using_LUT4.RAM16x1D_Reg1_Low.SLICEM_F
    SLICE_X67Y27.F2      net (fanout=1)        0.427   mcs_0/U0/microblaze_I/MicroBlaze_Core_I/Area.Data_Flow_I/Register_File_I/Using_FPGA.Gen_RegFile[31].Register_File_Bit_I/reg1_Data_Low
    SLICE_X67Y27.X       Tilo                  0.704   mcs_0/U0/microblaze_I/MicroBlaze_Core_I/Area.Data_Flow_I/reg1_Data<31>
                                                       mcs_0/U0/microblaze_I/MicroBlaze_Core_I/Area.Data_Flow_I/Register_File_I/Using_FPGA.Gen_RegFile[31].Register_File_Bit_I/Using_LUT4.Reg1_Mux
    SLICE_X65Y32.G2      net (fanout=1)        0.643   mcs_0/U0/microblaze_I/MicroBlaze_Core_I/Area.Data_Flow_I/reg1_Data<31>
    SLICE_X65Y32.X       Tif5x                 1.025   mcs_0/U0/microblaze_I/MicroBlaze_Core_I/Area.Data_Flow_I/reg1<31>
                                                       mcs_0/U0/microblaze_I/MicroBlaze_Core_I/Area.Data_Flow_I/Operand_Select_I/Using_FPGA.OpSelect_Bits[31].Operand_Select_Bit_I/Using_LUT4_1.Op1_Mux2_1
                                                       mcs_0/U0/microblaze_I/MicroBlaze_Core_I/Area.Data_Flow_I/Operand_Select_I/Using_FPGA.OpSelect_Bits[31].Operand_Select_Bit_I/Using_LUT4_1.Op1_MUXF5
    SLICE_X64Y32.BX      net (fanout=1)        0.433   mcs_0/U0/microblaze_I/MicroBlaze_Core_I/Area.Data_Flow_I/Operand_Select_I/Using_FPGA.OpSelect_Bits[31].Operand_Select_Bit_I/op1_I
    SLICE_X64Y32.CLK     Tdick                 0.360   mcs_0/U0/microblaze_I/MicroBlaze_Core_I/Op1_Low<1>
                                                       mcs_0/U0/microblaze_I/MicroBlaze_Core_I/Area.Data_Flow_I/Operand_Select_I/Using_FPGA.OpSelect_Bits[31].Operand_Select_Bit_I/Op1_DFF
    -------------------------------------------------  ---------------------------
    Total                                     14.938ns (4.194ns logic, 10.744ns route)
                                                       (28.1% logic, 71.9% route)

--------------------------------------------------------------------------------

Paths for end point mcs_0/U0/microblaze_I/MicroBlaze_Core_I/Area.Data_Flow_I/Operand_Select_I/Using_FPGA.OpSelect_Bits[30].Operand_Select_Bit_I/Op1_DFF (SLICE_X64Y32.BY), 234 paths
--------------------------------------------------------------------------------
Slack (setup path):     4.760ns (requirement - (data path - clock path skew + uncertainty))
  Source:               mcs_0/U0/microblaze_I/MicroBlaze_Core_I/Area.Decode_I/PreFetch_Buffer_I/Using_FPGA.Buffer_DFFs[3].FDS_I (FF)
  Destination:          mcs_0/U0/microblaze_I/MicroBlaze_Core_I/Area.Data_Flow_I/Operand_Select_I/Using_FPGA.OpSelect_Bits[30].Operand_Select_Bit_I/Op1_DFF (FF)
  Requirement:          20.000ns
  Data Path Delay:      15.240ns (Levels of Logic = 4)
  Clock Path Skew:      0.000ns
  Source Clock:         Clk_BUFGP rising at 0.000ns
  Destination Clock:    Clk_BUFGP rising at 20.000ns
  Clock Uncertainty:    0.000ns

  Maximum Data Path: mcs_0/U0/microblaze_I/MicroBlaze_Core_I/Area.Decode_I/PreFetch_Buffer_I/Using_FPGA.Buffer_DFFs[3].FDS_I to mcs_0/U0/microblaze_I/MicroBlaze_Core_I/Area.Data_Flow_I/Operand_Select_I/Using_FPGA.OpSelect_Bits[30].Operand_Select_Bit_I/Op1_DFF
    Location             Delay type         Delay(ns)  Physical Resource
                                                       Logical Resource(s)
    -------------------------------------------------  -------------------
    SLICE_X55Y62.YQ      Tcko                  0.587   mcs_0/U0/microblaze_I/MicroBlaze_Core_I/buffer_Addr<3>
                                                       mcs_0/U0/microblaze_I/MicroBlaze_Core_I/Area.Decode_I/PreFetch_Buffer_I/Using_FPGA.Buffer_DFFs[3].FDS_I
    SLICE_X64Y78.F1      net (fanout=44)       3.221   mcs_0/U0/microblaze_I/MicroBlaze_Core_I/buffer_Addr<3>
    SLICE_X64Y78.X       Tilo                  0.759   mcs_0/U0/microblaze_I/MicroBlaze_Core_I/reg1_Addr<3>
                                                       mcs_0/U0/microblaze_I/MicroBlaze_Core_I/Area.Decode_I/PreFetch_Buffer_I/Using_FPGA.PreFetch_Buffers[14].SRL16E_I/Use_unisim.MB_SRL16E_I1
    SLICE_X64Y27.F4      net (fanout=66)       6.379   mcs_0/U0/microblaze_I/MicroBlaze_Core_I/reg1_Addr<3>
    SLICE_X64Y27.X       Tilo                  0.759   mcs_0/U0/microblaze_I/MicroBlaze_Core_I/Area.Data_Flow_I/Register_File_I/Using_FPGA.Gen_RegFile[30].Register_File_Bit_I/reg1_Data_Low
                                                       mcs_0/U0/microblaze_I/MicroBlaze_Core_I/Area.Data_Flow_I/Register_File_I/Using_FPGA.Gen_RegFile[30].Register_File_Bit_I/Using_LUT4.RAM16x1D_Reg1_Low.SLICEM_F
    SLICE_X67Y27.G4      net (fanout=1)        0.340   mcs_0/U0/microblaze_I/MicroBlaze_Core_I/Area.Data_Flow_I/Register_File_I/Using_FPGA.Gen_RegFile[30].Register_File_Bit_I/reg1_Data_Low
    SLICE_X67Y27.Y       Tilo                  0.704   mcs_0/U0/microblaze_I/MicroBlaze_Core_I/Area.Data_Flow_I/reg1_Data<31>
                                                       mcs_0/U0/microblaze_I/MicroBlaze_Core_I/Area.Data_Flow_I/Register_File_I/Using_FPGA.Gen_RegFile[30].Register_File_Bit_I/Using_LUT4.Reg1_Mux
    SLICE_X67Y32.G2      net (fanout=1)        0.643   mcs_0/U0/microblaze_I/MicroBlaze_Core_I/Area.Data_Flow_I/reg1_Data<30>
    SLICE_X67Y32.X       Tif5x                 1.025   mcs_0/U0/microblaze_I/MicroBlaze_Core_I/Area.Data_Flow_I/reg1<30>
                                                       mcs_0/U0/microblaze_I/MicroBlaze_Core_I/Area.Data_Flow_I/Operand_Select_I/Using_FPGA.OpSelect_Bits[30].Operand_Select_Bit_I/Using_LUT4_1.Op1_Mux2_1
                                                       mcs_0/U0/microblaze_I/MicroBlaze_Core_I/Area.Data_Flow_I/Operand_Select_I/Using_FPGA.OpSelect_Bits[30].Operand_Select_Bit_I/Using_LUT4_1.Op1_MUXF5
    SLICE_X64Y32.BY      net (fanout=1)        0.441   mcs_0/U0/microblaze_I/MicroBlaze_Core_I/Area.Data_Flow_I/Operand_Select_I/Using_FPGA.OpSelect_Bits[30].Operand_Select_Bit_I/op1_I
    SLICE_X64Y32.CLK     Tdick                 0.382   mcs_0/U0/microblaze_I/MicroBlaze_Core_I/Op1_Low<1>
                                                       mcs_0/U0/microblaze_I/MicroBlaze_Core_I/Area.Data_Flow_I/Operand_Select_I/Using_FPGA.OpSelect_Bits[30].Operand_Select_Bit_I/Op1_DFF
    -------------------------------------------------  ---------------------------
    Total                                     15.240ns (4.216ns logic, 11.024ns route)
                                                       (27.7% logic, 72.3% route)

--------------------------------------------------------------------------------
Slack (setup path):     4.816ns (requirement - (data path - clock path skew + uncertainty))
  Source:               mcs_0/U0/microblaze_I/MicroBlaze_Core_I/Area.Decode_I/PreFetch_Buffer_I/Using_FPGA.Buffer_DFFs[2].FDS_I (FF)
  Destination:          mcs_0/U0/microblaze_I/MicroBlaze_Core_I/Area.Data_Flow_I/Operand_Select_I/Using_FPGA.OpSelect_Bits[30].Operand_Select_Bit_I/Op1_DFF (FF)
  Requirement:          20.000ns
  Data Path Delay:      15.184ns (Levels of Logic = 4)
  Clock Path Skew:      0.000ns
  Source Clock:         Clk_BUFGP rising at 0.000ns
  Destination Clock:    Clk_BUFGP rising at 20.000ns
  Clock Uncertainty:    0.000ns

  Maximum Data Path: mcs_0/U0/microblaze_I/MicroBlaze_Core_I/Area.Decode_I/PreFetch_Buffer_I/Using_FPGA.Buffer_DFFs[2].FDS_I to mcs_0/U0/microblaze_I/MicroBlaze_Core_I/Area.Data_Flow_I/Operand_Select_I/Using_FPGA.OpSelect_Bits[30].Operand_Select_Bit_I/Op1_DFF
    Location             Delay type         Delay(ns)  Physical Resource
                                                       Logical Resource(s)
    -------------------------------------------------  -------------------
    SLICE_X55Y63.XQ      Tcko                  0.591   mcs_0/U0/microblaze_I/MicroBlaze_Core_I/buffer_Addr<2>
                                                       mcs_0/U0/microblaze_I/MicroBlaze_Core_I/Area.Decode_I/PreFetch_Buffer_I/Using_FPGA.Buffer_DFFs[2].FDS_I
    SLICE_X64Y78.F2      net (fanout=44)       3.161   mcs_0/U0/microblaze_I/MicroBlaze_Core_I/buffer_Addr<2>
    SLICE_X64Y78.X       Tilo                  0.759   mcs_0/U0/microblaze_I/MicroBlaze_Core_I/reg1_Addr<3>
                                                       mcs_0/U0/microblaze_I/MicroBlaze_Core_I/Area.Decode_I/PreFetch_Buffer_I/Using_FPGA.PreFetch_Buffers[14].SRL16E_I/Use_unisim.MB_SRL16E_I1
    SLICE_X64Y27.F4      net (fanout=66)       6.379   mcs_0/U0/microblaze_I/MicroBlaze_Core_I/reg1_Addr<3>
    SLICE_X64Y27.X       Tilo                  0.759   mcs_0/U0/microblaze_I/MicroBlaze_Core_I/Area.Data_Flow_I/Register_File_I/Using_FPGA.Gen_RegFile[30].Register_File_Bit_I/reg1_Data_Low
                                                       mcs_0/U0/microblaze_I/MicroBlaze_Core_I/Area.Data_Flow_I/Register_File_I/Using_FPGA.Gen_RegFile[30].Register_File_Bit_I/Using_LUT4.RAM16x1D_Reg1_Low.SLICEM_F
    SLICE_X67Y27.G4      net (fanout=1)        0.340   mcs_0/U0/microblaze_I/MicroBlaze_Core_I/Area.Data_Flow_I/Register_File_I/Using_FPGA.Gen_RegFile[30].Register_File_Bit_I/reg1_Data_Low
    SLICE_X67Y27.Y       Tilo                  0.704   mcs_0/U0/microblaze_I/MicroBlaze_Core_I/Area.Data_Flow_I/reg1_Data<31>
                                                       mcs_0/U0/microblaze_I/MicroBlaze_Core_I/Area.Data_Flow_I/Register_File_I/Using_FPGA.Gen_RegFile[30].Register_File_Bit_I/Using_LUT4.Reg1_Mux
    SLICE_X67Y32.G2      net (fanout=1)        0.643   mcs_0/U0/microblaze_I/MicroBlaze_Core_I/Area.Data_Flow_I/reg1_Data<30>
    SLICE_X67Y32.X       Tif5x                 1.025   mcs_0/U0/microblaze_I/MicroBlaze_Core_I/Area.Data_Flow_I/reg1<30>
                                                       mcs_0/U0/microblaze_I/MicroBlaze_Core_I/Area.Data_Flow_I/Operand_Select_I/Using_FPGA.OpSelect_Bits[30].Operand_Select_Bit_I/Using_LUT4_1.Op1_Mux2_1
                                                       mcs_0/U0/microblaze_I/MicroBlaze_Core_I/Area.Data_Flow_I/Operand_Select_I/Using_FPGA.OpSelect_Bits[30].Operand_Select_Bit_I/Using_LUT4_1.Op1_MUXF5
    SLICE_X64Y32.BY      net (fanout=1)        0.441   mcs_0/U0/microblaze_I/MicroBlaze_Core_I/Area.Data_Flow_I/Operand_Select_I/Using_FPGA.OpSelect_Bits[30].Operand_Select_Bit_I/op1_I
    SLICE_X64Y32.CLK     Tdick                 0.382   mcs_0/U0/microblaze_I/MicroBlaze_Core_I/Op1_Low<1>
                                                       mcs_0/U0/microblaze_I/MicroBlaze_Core_I/Area.Data_Flow_I/Operand_Select_I/Using_FPGA.OpSelect_Bits[30].Operand_Select_Bit_I/Op1_DFF
    -------------------------------------------------  ---------------------------
    Total                                     15.184ns (4.220ns logic, 10.964ns route)
                                                       (27.8% logic, 72.2% route)

--------------------------------------------------------------------------------
Slack (setup path):     4.842ns (requirement - (data path - clock path skew + uncertainty))
  Source:               mcs_0/U0/microblaze_I/MicroBlaze_Core_I/Area.Decode_I/PreFetch_Buffer_I/Using_FPGA.Buffer_DFFs[3].FDS_I (FF)
  Destination:          mcs_0/U0/microblaze_I/MicroBlaze_Core_I/Area.Data_Flow_I/Operand_Select_I/Using_FPGA.OpSelect_Bits[30].Operand_Select_Bit_I/Op1_DFF (FF)
  Requirement:          20.000ns
  Data Path Delay:      15.158ns (Levels of Logic = 4)
  Clock Path Skew:      0.000ns
  Source Clock:         Clk_BUFGP rising at 0.000ns
  Destination Clock:    Clk_BUFGP rising at 20.000ns
  Clock Uncertainty:    0.000ns

  Maximum Data Path: mcs_0/U0/microblaze_I/MicroBlaze_Core_I/Area.Decode_I/PreFetch_Buffer_I/Using_FPGA.Buffer_DFFs[3].FDS_I to mcs_0/U0/microblaze_I/MicroBlaze_Core_I/Area.Data_Flow_I/Operand_Select_I/Using_FPGA.OpSelect_Bits[30].Operand_Select_Bit_I/Op1_DFF
    Location             Delay type         Delay(ns)  Physical Resource
                                                       Logical Resource(s)
    -------------------------------------------------  -------------------
    SLICE_X55Y62.YQ      Tcko                  0.587   mcs_0/U0/microblaze_I/MicroBlaze_Core_I/buffer_Addr<3>
                                                       mcs_0/U0/microblaze_I/MicroBlaze_Core_I/Area.Decode_I/PreFetch_Buffer_I/Using_FPGA.Buffer_DFFs[3].FDS_I
    SLICE_X64Y78.F1      net (fanout=44)       3.221   mcs_0/U0/microblaze_I/MicroBlaze_Core_I/buffer_Addr<3>
    SLICE_X64Y78.X       Tilo                  0.759   mcs_0/U0/microblaze_I/MicroBlaze_Core_I/reg1_Addr<3>
                                                       mcs_0/U0/microblaze_I/MicroBlaze_Core_I/Area.Decode_I/PreFetch_Buffer_I/Using_FPGA.PreFetch_Buffers[14].SRL16E_I/Use_unisim.MB_SRL16E_I1
    SLICE_X66Y28.F4      net (fanout=66)       6.154   mcs_0/U0/microblaze_I/MicroBlaze_Core_I/reg1_Addr<3>
    SLICE_X66Y28.X       Tilo                  0.759   mcs_0/U0/microblaze_I/MicroBlaze_Core_I/Area.Data_Flow_I/Register_File_I/Using_FPGA.Gen_RegFile[30].Register_File_Bit_I/reg1_Data_High
                                                       mcs_0/U0/microblaze_I/MicroBlaze_Core_I/Area.Data_Flow_I/Register_File_I/Using_FPGA.Gen_RegFile[30].Register_File_Bit_I/Using_LUT4.RAM16x1D_Reg1_High.SLICEM_F
    SLICE_X67Y27.G1      net (fanout=1)        0.483   mcs_0/U0/microblaze_I/MicroBlaze_Core_I/Area.Data_Flow_I/Register_File_I/Using_FPGA.Gen_RegFile[30].Register_File_Bit_I/reg1_Data_High
    SLICE_X67Y27.Y       Tilo                  0.704   mcs_0/U0/microblaze_I/MicroBlaze_Core_I/Area.Data_Flow_I/reg1_Data<31>
                                                       mcs_0/U0/microblaze_I/MicroBlaze_Core_I/Area.Data_Flow_I/Register_File_I/Using_FPGA.Gen_RegFile[30].Register_File_Bit_I/Using_LUT4.Reg1_Mux
    SLICE_X67Y32.G2      net (fanout=1)        0.643   mcs_0/U0/microblaze_I/MicroBlaze_Core_I/Area.Data_Flow_I/reg1_Data<30>
    SLICE_X67Y32.X       Tif5x                 1.025   mcs_0/U0/microblaze_I/MicroBlaze_Core_I/Area.Data_Flow_I/reg1<30>
                                                       mcs_0/U0/microblaze_I/MicroBlaze_Core_I/Area.Data_Flow_I/Operand_Select_I/Using_FPGA.OpSelect_Bits[30].Operand_Select_Bit_I/Using_LUT4_1.Op1_Mux2_1
                                                       mcs_0/U0/microblaze_I/MicroBlaze_Core_I/Area.Data_Flow_I/Operand_Select_I/Using_FPGA.OpSelect_Bits[30].Operand_Select_Bit_I/Using_LUT4_1.Op1_MUXF5
    SLICE_X64Y32.BY      net (fanout=1)        0.441   mcs_0/U0/microblaze_I/MicroBlaze_Core_I/Area.Data_Flow_I/Operand_Select_I/Using_FPGA.OpSelect_Bits[30].Operand_Select_Bit_I/op1_I
    SLICE_X64Y32.CLK     Tdick                 0.382   mcs_0/U0/microblaze_I/MicroBlaze_Core_I/Op1_Low<1>
                                                       mcs_0/U0/microblaze_I/MicroBlaze_Core_I/Area.Data_Flow_I/Operand_Select_I/Using_FPGA.OpSelect_Bits[30].Operand_Select_Bit_I/Op1_DFF
    -------------------------------------------------  ---------------------------
    Total                                     15.158ns (4.216ns logic, 10.942ns route)
                                                       (27.8% logic, 72.2% route)

--------------------------------------------------------------------------------

Paths for end point mcs_0/U0/microblaze_I/MicroBlaze_Core_I/Area.Data_Flow_I/Register_File_I/Using_FPGA.Gen_RegFile[25].Register_File_Bit_I/Using_LUT4.RAM16x1D_Reg2_High.SLICEM_F (SLICE_X58Y0.BY), 83 paths
--------------------------------------------------------------------------------
Slack (setup path):     4.949ns (requirement - (data path - clock path skew + uncertainty))
  Source:               mcs_0/U0/dlmb_cntlr/Sl_Rdy (FF)
  Destination:          mcs_0/U0/microblaze_I/MicroBlaze_Core_I/Area.Data_Flow_I/Register_File_I/Using_FPGA.Gen_RegFile[25].Register_File_Bit_I/Using_LUT4.RAM16x1D_Reg2_High.SLICEM_F (RAM)
  Requirement:          20.000ns
  Data Path Delay:      15.051ns (Levels of Logic = 5)
  Clock Path Skew:      0.000ns
  Source Clock:         Clk_BUFGP rising at 0.000ns
  Destination Clock:    Clk_BUFGP rising at 20.000ns
  Clock Uncertainty:    0.000ns

  Maximum Data Path: mcs_0/U0/dlmb_cntlr/Sl_Rdy to mcs_0/U0/microblaze_I/MicroBlaze_Core_I/Area.Data_Flow_I/Register_File_I/Using_FPGA.Gen_RegFile[25].Register_File_Bit_I/Using_LUT4.RAM16x1D_Reg2_High.SLICEM_F
    Location             Delay type         Delay(ns)  Physical Resource
                                                       Logical Resource(s)
    -------------------------------------------------  -------------------
    SLICE_X51Y65.YQ      Tcko                  0.587   mcs_0/U0/dlmb_cntlr/Sl_Rdy
                                                       mcs_0/U0/dlmb_cntlr/Sl_Rdy
    SLICE_X65Y62.G4      net (fanout=2)        1.093   mcs_0/U0/dlmb_cntlr/Sl_Rdy
    SLICE_X65Y62.Y       Tilo                  0.704   mcs_0/U0/dlmb_LMB_ReadDBus<15>
                                                       mcs_0/U0/dlmb_cntlr/Sl_Ready_i1
    SLICE_X64Y34.F4      net (fanout=40)       3.317   mcs_0/U0/dlmb_Sl_Ready<0>
    SLICE_X64Y34.X       Tilo                  0.759   mcs_0/U0/dlmb_LMB_ReadDBus<25>
                                                       mcs_0/U0/dlmb/_or0025
    SLICE_X52Y49.F1      net (fanout=1)        1.310   mcs_0/U0/dlmb_LMB_ReadDBus<25>
    SLICE_X52Y49.X       Tif5x                 1.152   mcs_0/U0/microblaze_I/MicroBlaze_Core_I/extend_Data_Read<25>
                                                       mcs_0/U0/microblaze_I/MicroBlaze_Core_I/Area.Byte_Doublet_Handle_I/Using_FPGA.Use_Dynamic_Bus_Sizing.Not_Using_Reverse_Mem_Instr.Data_Read_Steering_I/FPGA_LUT4_Target.GEN_LOOP[6].LUT31_I
                                                       mcs_0/U0/microblaze_I/MicroBlaze_Core_I/Area.Byte_Doublet_Handle_I/Using_FPGA.Use_Dynamic_Bus_Sizing.Not_Using_Reverse_Mem_Instr.Data_Read_Steering_I/FPGA_LUT4_Target.GEN_LOOP[6].MUXF5_I
    SLICE_X51Y42.F4      net (fanout=1)        0.570   mcs_0/U0/microblaze_I/MicroBlaze_Core_I/extend_Data_Read<25>
    SLICE_X51Y42.X       Tif5x                 1.025   mcs_0/U0/microblaze_I/MicroBlaze_Core_I/Area.Data_Flow_I/ex_Result<25>
                                                       mcs_0/U0/microblaze_I/MicroBlaze_Core_I/Area.Data_Flow_I/Result_Mux_I/Using_FPGA.Result_Mux_Bits[25].Result_Mux_Bit_I/Data_Shift_Mux
                                                       mcs_0/U0/microblaze_I/MicroBlaze_Core_I/Area.Data_Flow_I/Result_Mux_I/Using_FPGA.Result_Mux_Bits[25].Result_Mux_Bit_I/Result_MUXF5
    SLICE_X58Y0.BY       net (fanout=6)        4.073   mcs_0/U0/microblaze_I/MicroBlaze_Core_I/Area.Data_Flow_I/ex_Result<25>
    SLICE_X58Y0.CLK      Tds                   0.461   mcs_0/U0/microblaze_I/MicroBlaze_Core_I/Area.Data_Flow_I/Register_File_I/Using_FPGA.Gen_RegFile[25].Register_File_Bit_I/reg2_Data_High
                                                       mcs_0/U0/microblaze_I/MicroBlaze_Core_I/Area.Data_Flow_I/Register_File_I/Using_FPGA.Gen_RegFile[25].Register_File_Bit_I/Using_LUT4.RAM16x1D_Reg2_High.SLICEM_F
    -------------------------------------------------  ---------------------------
    Total                                     15.051ns (4.688ns logic, 10.363ns route)
                                                       (31.1% logic, 68.9% route)

--------------------------------------------------------------------------------
Slack (setup path):     5.631ns (requirement - (data path - clock path skew + uncertainty))
  Source:               mcs_0/U0/dlmb_cntlr/lmb_as (FF)
  Destination:          mcs_0/U0/microblaze_I/MicroBlaze_Core_I/Area.Data_Flow_I/Register_File_I/Using_FPGA.Gen_RegFile[25].Register_File_Bit_I/Using_LUT4.RAM16x1D_Reg2_High.SLICEM_F (RAM)
  Requirement:          20.000ns
  Data Path Delay:      14.369ns (Levels of Logic = 5)
  Clock Path Skew:      0.000ns
  Source Clock:         Clk_BUFGP rising at 0.000ns
  Destination Clock:    Clk_BUFGP rising at 20.000ns
  Clock Uncertainty:    0.000ns

  Maximum Data Path: mcs_0/U0/dlmb_cntlr/lmb_as to mcs_0/U0/microblaze_I/MicroBlaze_Core_I/Area.Data_Flow_I/Register_File_I/Using_FPGA.Gen_RegFile[25].Register_File_Bit_I/Using_LUT4.RAM16x1D_Reg2_High.SLICEM_F
    Location             Delay type         Delay(ns)  Physical Resource
                                                       Logical Resource(s)
    -------------------------------------------------  -------------------
    SLICE_X65Y64.XQ      Tcko                  0.591   mcs_0/U0/dlmb_cntlr/lmb_as
                                                       mcs_0/U0/dlmb_cntlr/lmb_as
    SLICE_X65Y62.G3      net (fanout=2)        0.407   mcs_0/U0/dlmb_cntlr/lmb_as
    SLICE_X65Y62.Y       Tilo                  0.704   mcs_0/U0/dlmb_LMB_ReadDBus<15>
                                                       mcs_0/U0/dlmb_cntlr/Sl_Ready_i1
    SLICE_X64Y34.F4      net (fanout=40)       3.317   mcs_0/U0/dlmb_Sl_Ready<0>
    SLICE_X64Y34.X       Tilo                  0.759   mcs_0/U0/dlmb_LMB_ReadDBus<25>
                                                       mcs_0/U0/dlmb/_or0025
    SLICE_X52Y49.F1      net (fanout=1)        1.310   mcs_0/U0/dlmb_LMB_ReadDBus<25>
    SLICE_X52Y49.X       Tif5x                 1.152   mcs_0/U0/microblaze_I/MicroBlaze_Core_I/extend_Data_Read<25>
                                                       mcs_0/U0/microblaze_I/MicroBlaze_Core_I/Area.Byte_Doublet_Handle_I/Using_FPGA.Use_Dynamic_Bus_Sizing.Not_Using_Reverse_Mem_Instr.Data_Read_Steering_I/FPGA_LUT4_Target.GEN_LOOP[6].LUT31_I
                                                       mcs_0/U0/microblaze_I/MicroBlaze_Core_I/Area.Byte_Doublet_Handle_I/Using_FPGA.Use_Dynamic_Bus_Sizing.Not_Using_Reverse_Mem_Instr.Data_Read_Steering_I/FPGA_LUT4_Target.GEN_LOOP[6].MUXF5_I
    SLICE_X51Y42.F4      net (fanout=1)        0.570   mcs_0/U0/microblaze_I/MicroBlaze_Core_I/extend_Data_Read<25>
    SLICE_X51Y42.X       Tif5x                 1.025   mcs_0/U0/microblaze_I/MicroBlaze_Core_I/Area.Data_Flow_I/ex_Result<25>
                                                       mcs_0/U0/microblaze_I/MicroBlaze_Core_I/Area.Data_Flow_I/Result_Mux_I/Using_FPGA.Result_Mux_Bits[25].Result_Mux_Bit_I/Data_Shift_Mux
                                                       mcs_0/U0/microblaze_I/MicroBlaze_Core_I/Area.Data_Flow_I/Result_Mux_I/Using_FPGA.Result_Mux_Bits[25].Result_Mux_Bit_I/Result_MUXF5
    SLICE_X58Y0.BY       net (fanout=6)        4.073   mcs_0/U0/microblaze_I/MicroBlaze_Core_I/Area.Data_Flow_I/ex_Result<25>
    SLICE_X58Y0.CLK      Tds                   0.461   mcs_0/U0/microblaze_I/MicroBlaze_Core_I/Area.Data_Flow_I/Register_File_I/Using_FPGA.Gen_RegFile[25].Register_File_Bit_I/reg2_Data_High
                                                       mcs_0/U0/microblaze_I/MicroBlaze_Core_I/Area.Data_Flow_I/Register_File_I/Using_FPGA.Gen_RegFile[25].Register_File_Bit_I/Using_LUT4.RAM16x1D_Reg2_High.SLICEM_F
    -------------------------------------------------  ---------------------------
    Total                                     14.369ns (4.692ns logic, 9.677ns route)
                                                       (32.7% logic, 67.3% route)

--------------------------------------------------------------------------------
Slack (setup path):     6.370ns (requirement - (data path - clock path skew + uncertainty))
  Source:               mcs_0/U0/lmb_bram_I/RAM_Inst/Using_B16_S9.The_BRAMs[3].RAMB16_S9_1.B (RAM)
  Destination:          mcs_0/U0/microblaze_I/MicroBlaze_Core_I/Area.Data_Flow_I/Register_File_I/Using_FPGA.Gen_RegFile[25].Register_File_Bit_I/Using_LUT4.RAM16x1D_Reg2_High.SLICEM_F (RAM)
  Requirement:          20.000ns
  Data Path Delay:      13.630ns (Levels of Logic = 4)
  Clock Path Skew:      0.000ns
  Source Clock:         Clk_BUFGP rising at 0.000ns
  Destination Clock:    Clk_BUFGP rising at 20.000ns
  Clock Uncertainty:    0.000ns

  Maximum Data Path: mcs_0/U0/lmb_bram_I/RAM_Inst/Using_B16_S9.The_BRAMs[3].RAMB16_S9_1.B to mcs_0/U0/microblaze_I/MicroBlaze_Core_I/Area.Data_Flow_I/Register_File_I/Using_FPGA.Gen_RegFile[25].Register_File_Bit_I/Using_LUT4.RAM16x1D_Reg2_High.SLICEM_F
    Location             Delay type         Delay(ns)  Physical Resource
                                                       Logical Resource(s)
    -------------------------------------------------  -------------------
    RAMB16_X1Y6.DOB6     Tbcko                 2.812   mcs_0/U0/lmb_bram_I/RAM_Inst/Using_B16_S9.The_BRAMs[3].RAMB16_S9_1
                                                       mcs_0/U0/lmb_bram_I/RAM_Inst/Using_B16_S9.The_BRAMs[3].RAMB16_S9_1.B
    SLICE_X64Y34.F2      net (fanout=1)        1.468   mcs_0/U0/dlmb_port_BRAM_Din<25>
    SLICE_X64Y34.X       Tilo                  0.759   mcs_0/U0/dlmb_LMB_ReadDBus<25>
                                                       mcs_0/U0/dlmb/_or0025
    SLICE_X52Y49.F1      net (fanout=1)        1.310   mcs_0/U0/dlmb_LMB_ReadDBus<25>
    SLICE_X52Y49.X       Tif5x                 1.152   mcs_0/U0/microblaze_I/MicroBlaze_Core_I/extend_Data_Read<25>
                                                       mcs_0/U0/microblaze_I/MicroBlaze_Core_I/Area.Byte_Doublet_Handle_I/Using_FPGA.Use_Dynamic_Bus_Sizing.Not_Using_Reverse_Mem_Instr.Data_Read_Steering_I/FPGA_LUT4_Target.GEN_LOOP[6].LUT31_I
                                                       mcs_0/U0/microblaze_I/MicroBlaze_Core_I/Area.Byte_Doublet_Handle_I/Using_FPGA.Use_Dynamic_Bus_Sizing.Not_Using_Reverse_Mem_Instr.Data_Read_Steering_I/FPGA_LUT4_Target.GEN_LOOP[6].MUXF5_I
    SLICE_X51Y42.F4      net (fanout=1)        0.570   mcs_0/U0/microblaze_I/MicroBlaze_Core_I/extend_Data_Read<25>
    SLICE_X51Y42.X       Tif5x                 1.025   mcs_0/U0/microblaze_I/MicroBlaze_Core_I/Area.Data_Flow_I/ex_Result<25>
                                                       mcs_0/U0/microblaze_I/MicroBlaze_Core_I/Area.Data_Flow_I/Result_Mux_I/Using_FPGA.Result_Mux_Bits[25].Result_Mux_Bit_I/Data_Shift_Mux
                                                       mcs_0/U0/microblaze_I/MicroBlaze_Core_I/Area.Data_Flow_I/Result_Mux_I/Using_FPGA.Result_Mux_Bits[25].Result_Mux_Bit_I/Result_MUXF5
    SLICE_X58Y0.BY       net (fanout=6)        4.073   mcs_0/U0/microblaze_I/MicroBlaze_Core_I/Area.Data_Flow_I/ex_Result<25>
    SLICE_X58Y0.CLK      Tds                   0.461   mcs_0/U0/microblaze_I/MicroBlaze_Core_I/Area.Data_Flow_I/Register_File_I/Using_FPGA.Gen_RegFile[25].Register_File_Bit_I/reg2_Data_High
                                                       mcs_0/U0/microblaze_I/MicroBlaze_Core_I/Area.Data_Flow_I/Register_File_I/Using_FPGA.Gen_RegFile[25].Register_File_Bit_I/Using_LUT4.RAM16x1D_Reg2_High.SLICEM_F
    -------------------------------------------------  ---------------------------
    Total                                     13.630ns (6.209ns logic, 7.421ns route)
                                                       (45.6% logic, 54.4% route)

--------------------------------------------------------------------------------

Hold Paths: TS_sys_clk_pin = PERIOD TIMEGRP "sys_clk_pin" 50 MHz HIGH 50%;
--------------------------------------------------------------------------------

Paths for end point mcs_0/U0/microblaze_I/MicroBlaze_Core_I/Area.Data_Flow_I/PC_Module_I/Using_FPGA.Not_All_Bits.PC_GEN[27].PC_Bit_I/PC_OF_Buffer/Use_unisim.MB_SRL16E_I1 (SLICE_X52Y51.BY), 1 path
--------------------------------------------------------------------------------
Slack (hold path):      0.747ns (requirement - (clock path skew + uncertainty - data path))
  Source:               mcs_0/U0/microblaze_I/MicroBlaze_Core_I/Area.Data_Flow_I/PC_Module_I/Using_FPGA.Not_All_Bits.PC_GEN[27].PC_Bit_I/Set_DFF.PC_IF_DFF (FF)
  Destination:          mcs_0/U0/microblaze_I/MicroBlaze_Core_I/Area.Data_Flow_I/PC_Module_I/Using_FPGA.Not_All_Bits.PC_GEN[27].PC_Bit_I/PC_OF_Buffer/Use_unisim.MB_SRL16E_I1 (FF)
  Requirement:          0.000ns
  Data Path Delay:      0.741ns (Levels of Logic = 1)
  Clock Path Skew:      -0.006ns (0.030 - 0.036)
  Source Clock:         Clk_BUFGP rising at 20.000ns
  Destination Clock:    Clk_BUFGP rising at 20.000ns
  Clock Uncertainty:    0.000ns

  Minimum Data Path: mcs_0/U0/microblaze_I/MicroBlaze_Core_I/Area.Data_Flow_I/PC_Module_I/Using_FPGA.Not_All_Bits.PC_GEN[27].PC_Bit_I/Set_DFF.PC_IF_DFF to mcs_0/U0/microblaze_I/MicroBlaze_Core_I/Area.Data_Flow_I/PC_Module_I/Using_FPGA.Not_All_Bits.PC_GEN[27].PC_Bit_I/PC_OF_Buffer/Use_unisim.MB_SRL16E_I1
    Location             Delay type         Delay(ns)  Physical Resource
                                                       Logical Resource(s)
    -------------------------------------------------  -------------------
    SLICE_X55Y51.YQ      Tcko                  0.470   mcs_0/U0/microblaze_I/MicroBlaze_Core_I/Area.Data_Flow_I/PC_Module_I/Using_FPGA.Not_All_Bits.PC_GEN[27].PC_Bit_I/pc_I
                                                       mcs_0/U0/microblaze_I/MicroBlaze_Core_I/Area.Data_Flow_I/PC_Module_I/Using_FPGA.Not_All_Bits.PC_GEN[27].PC_Bit_I/Set_DFF.PC_IF_DFF
    SLICE_X52Y51.BY      net (fanout=2)        0.398   mcs_0/U0/microblaze_I/MicroBlaze_Core_I/Area.Data_Flow_I/PC_Module_I/Using_FPGA.Not_All_Bits.PC_GEN[27].PC_Bit_I/pc_I
    SLICE_X52Y51.CLK     Tdh         (-Th)     0.127   mcs_0/U0/microblaze_I/MicroBlaze_Core_I/Area.Data_Flow_I/pc_OF_I<28>
                                                       mcs_0/U0/microblaze_I/MicroBlaze_Core_I/Area.Data_Flow_I/PC_Module_I/Using_FPGA.Not_All_Bits.PC_GEN[27].PC_Bit_I/PC_OF_Buffer/Use_unisim.MB_SRL16E_I1
    -------------------------------------------------  ---------------------------
    Total                                      0.741ns (0.343ns logic, 0.398ns route)
                                                       (46.3% logic, 53.7% route)

--------------------------------------------------------------------------------

Paths for end point mcs_0/U0/microblaze_I/MicroBlaze_Core_I/Area.Data_Flow_I/PC_Module_I/Using_FPGA.Not_All_Bits.PC_GEN[26].PC_Bit_I/PC_OF_Buffer/Use_unisim.MB_SRL16E_I1 (SLICE_X50Y48.BX), 1 path
--------------------------------------------------------------------------------
Slack (hold path):      0.748ns (requirement - (clock path skew + uncertainty - data path))
  Source:               mcs_0/U0/microblaze_I/MicroBlaze_Core_I/Area.Data_Flow_I/PC_Module_I/Using_FPGA.Not_All_Bits.PC_GEN[26].PC_Bit_I/Set_DFF.PC_IF_DFF (FF)
  Destination:          mcs_0/U0/microblaze_I/MicroBlaze_Core_I/Area.Data_Flow_I/PC_Module_I/Using_FPGA.Not_All_Bits.PC_GEN[26].PC_Bit_I/PC_OF_Buffer/Use_unisim.MB_SRL16E_I1 (FF)
  Requirement:          0.000ns
  Data Path Delay:      0.740ns (Levels of Logic = 1)
  Clock Path Skew:      -0.008ns (0.024 - 0.032)
  Source Clock:         Clk_BUFGP rising at 20.000ns
  Destination Clock:    Clk_BUFGP rising at 20.000ns
  Clock Uncertainty:    0.000ns

  Minimum Data Path: mcs_0/U0/microblaze_I/MicroBlaze_Core_I/Area.Data_Flow_I/PC_Module_I/Using_FPGA.Not_All_Bits.PC_GEN[26].PC_Bit_I/Set_DFF.PC_IF_DFF to mcs_0/U0/microblaze_I/MicroBlaze_Core_I/Area.Data_Flow_I/PC_Module_I/Using_FPGA.Not_All_Bits.PC_GEN[26].PC_Bit_I/PC_OF_Buffer/Use_unisim.MB_SRL16E_I1
    Location             Delay type         Delay(ns)  Physical Resource
                                                       Logical Resource(s)
    -------------------------------------------------  -------------------
    SLICE_X53Y49.YQ      Tcko                  0.470   mcs_0/U0/microblaze_I/MicroBlaze_Core_I/Area.Data_Flow_I/PC_Module_I/Using_FPGA.Not_All_Bits.PC_GEN[26].PC_Bit_I/pc_I
                                                       mcs_0/U0/microblaze_I/MicroBlaze_Core_I/Area.Data_Flow_I/PC_Module_I/Using_FPGA.Not_All_Bits.PC_GEN[26].PC_Bit_I/Set_DFF.PC_IF_DFF
    SLICE_X50Y48.BX      net (fanout=2)        0.419   mcs_0/U0/microblaze_I/MicroBlaze_Core_I/Area.Data_Flow_I/PC_Module_I/Using_FPGA.Not_All_Bits.PC_GEN[26].PC_Bit_I/pc_I
    SLICE_X50Y48.CLK     Tdh         (-Th)     0.149   mcs_0/U0/microblaze_I/MicroBlaze_Core_I/Area.Data_Flow_I/pc_OF_I<26>
                                                       mcs_0/U0/microblaze_I/MicroBlaze_Core_I/Area.Data_Flow_I/PC_Module_I/Using_FPGA.Not_All_Bits.PC_GEN[26].PC_Bit_I/PC_OF_Buffer/Use_unisim.MB_SRL16E_I1
    -------------------------------------------------  ---------------------------
    Total                                      0.740ns (0.321ns logic, 0.419ns route)
                                                       (43.4% logic, 56.6% route)

--------------------------------------------------------------------------------

Paths for end point mcs_0/U0/iomodule_0/IOModule_Core_I1/Using_UART_RX.UART_RX_I1/Mid_Start_Bit_SRL16/Use_unisim.XIL_SRL16E_I1 (SLICE_X50Y17.BY), 1 path
--------------------------------------------------------------------------------
Slack (hold path):      0.805ns (requirement - (clock path skew + uncertainty - data path))
  Source:               mcs_0/U0/iomodule_0/IOModule_Core_I1/Using_UART_RX.UART_RX_I1/start_Edge_Detected_0 (FF)
  Destination:          mcs_0/U0/iomodule_0/IOModule_Core_I1/Using_UART_RX.UART_RX_I1/Mid_Start_Bit_SRL16/Use_unisim.XIL_SRL16E_I1 (FF)
  Requirement:          0.000ns
  Data Path Delay:      0.807ns (Levels of Logic = 1)
  Clock Path Skew:      0.002ns (0.073 - 0.071)
  Source Clock:         Clk_BUFGP rising at 20.000ns
  Destination Clock:    Clk_BUFGP rising at 20.000ns
  Clock Uncertainty:    0.000ns

  Minimum Data Path: mcs_0/U0/iomodule_0/IOModule_Core_I1/Using_UART_RX.UART_RX_I1/start_Edge_Detected_0 to mcs_0/U0/iomodule_0/IOModule_Core_I1/Using_UART_RX.UART_RX_I1/Mid_Start_Bit_SRL16/Use_unisim.XIL_SRL16E_I1
    Location             Delay type         Delay(ns)  Physical Resource
                                                       Logical Resource(s)
    -------------------------------------------------  -------------------
    SLICE_X49Y16.YQ      Tcko                  0.470   mcs_0/U0/iomodule_0/IOModule_Core_I1/Using_UART_RX.UART_RX_I1/start_Edge_Detected<0>
                                                       mcs_0/U0/iomodule_0/IOModule_Core_I1/Using_UART_RX.UART_RX_I1/start_Edge_Detected_0
    SLICE_X50Y17.BY      net (fanout=3)        0.464   mcs_0/U0/iomodule_0/IOModule_Core_I1/Using_UART_RX.UART_RX_I1/start_Edge_Detected<0>
    SLICE_X50Y17.CLK     Tdh         (-Th)     0.127   mcs_0/U0/iomodule_0/IOModule_Core_I1/Using_UART_RX.UART_RX_I1/mid_Start_Bit
                                                       mcs_0/U0/iomodule_0/IOModule_Core_I1/Using_UART_RX.UART_RX_I1/Mid_Start_Bit_SRL16/Use_unisim.XIL_SRL16E_I1
    -------------------------------------------------  ---------------------------
    Total                                      0.807ns (0.343ns logic, 0.464ns route)
                                                       (42.5% logic, 57.5% route)

--------------------------------------------------------------------------------

Component Switching Limit Checks: TS_sys_clk_pin = PERIOD TIMEGRP "sys_clk_pin" 50 MHz HIGH 50%;
--------------------------------------------------------------------------------
Slack: 16.824ns (period - (min low pulse limit / (low pulse / period)))
  Period: 20.000ns
  Low pulse: 10.000ns
  Low pulse limit: 1.588ns (Tbpwl)
  Physical resource: mcs_0/U0/lmb_bram_I/RAM_Inst/Using_B16_S9.The_BRAMs[1].RAMB16_S9_1/CLKA
  Logical resource: mcs_0/U0/lmb_bram_I/RAM_Inst/Using_B16_S9.The_BRAMs[1].RAMB16_S9_1.A/CLKA
  Location pin: RAMB16_X1Y9.CLKA
  Clock network: Clk_BUFGP
--------------------------------------------------------------------------------
Slack: 16.824ns (period - (min high pulse limit / (high pulse / period)))
  Period: 20.000ns
  High pulse: 10.000ns
  High pulse limit: 1.588ns (Tbpwh)
  Physical resource: mcs_0/U0/lmb_bram_I/RAM_Inst/Using_B16_S9.The_BRAMs[1].RAMB16_S9_1/CLKA
  Logical resource: mcs_0/U0/lmb_bram_I/RAM_Inst/Using_B16_S9.The_BRAMs[1].RAMB16_S9_1.A/CLKA
  Location pin: RAMB16_X1Y9.CLKA
  Clock network: Clk_BUFGP
--------------------------------------------------------------------------------
Slack: 16.824ns (period - min period limit)
  Period: 20.000ns
  Min period limit: 3.176ns (314.861MHz) (Tbp)
  Physical resource: mcs_0/U0/lmb_bram_I/RAM_Inst/Using_B16_S9.The_BRAMs[1].RAMB16_S9_1/CLKA
  Logical resource: mcs_0/U0/lmb_bram_I/RAM_Inst/Using_B16_S9.The_BRAMs[1].RAMB16_S9_1.A/CLKA
  Location pin: RAMB16_X1Y9.CLKA
  Clock network: Clk_BUFGP
--------------------------------------------------------------------------------


All constraints were met.


Data Sheet report:
-----------------
All values displayed in nanoseconds (ns)

Clock to Setup on destination clock Clk
---------------+---------+---------+---------+---------+
               | Src:Rise| Src:Fall| Src:Rise| Src:Fall|
Source Clock   |Dest:Rise|Dest:Rise|Dest:Fall|Dest:Fall|
---------------+---------+---------+---------+---------+
Clk            |   15.297|         |         |         |
---------------+---------+---------+---------+---------+


Timing summary:
---------------

Timing errors: 0  Score: 0  (Setup/Max: 0, Hold: 0)

Constraints cover 79079 paths, 0 nets, and 4906 connections

Design statistics:
   Minimum period:  15.297ns{1}   (Maximum frequency:  65.372MHz)


------------------------------------Footnotes-----------------------------------
1)  The minimum period statistic assumes all single cycle delays.

Analysis completed Wed Nov 25 00:48:54 2020 
--------------------------------------------------------------------------------

Trace Settings:
-------------------------
Trace Settings 

Peak Memory Usage: 362 MB



