V3 3
FL /home/linus/Documents/Xilinx/master_thesis/cordic/top_level.vhd 2020/11/12.03:47:53 P.20131013
EN work/top_level 1605181678 \
      FL /home/linus/Documents/Xilinx/master_thesis/cordic/top_level.vhd \
      PB ieee/std_logic_1164 1381692176 PB ieee/NUMERIC_STD 1381692181
AR work/top_level/Behavioral 1605181679 \
      FL /home/linus/Documents/Xilinx/master_thesis/cordic/top_level.vhd \
      EN work/top_level 1605181678
