V3 3
FL /home/linus/Documents/Xilinx/tutorial_1/top_level.vhd 2020/09/29.05:09:24 P.20131013
EN work/top_level 1601382005 \
      FL /home/linus/Documents/Xilinx/tutorial_1/top_level.vhd \
      PB ieee/std_logic_1164 1381692176
AR work/top_level/Behavioral 1601382006 \
      FL /home/linus/Documents/Xilinx/tutorial_1/top_level.vhd EN work/top_level 1601382005
