V3 3
FL /home/linus/Documents/Xilinx/blink/top_level.vhd 2020/10/30.06:06:29 P.20131013
EN work/top_level 1604063193 FL /home/linus/Documents/Xilinx/blink/top_level.vhd \
      PB ieee/std_logic_1164 1381692176 PB ieee/std_logic_arith 1381692177 \
      PB ieee/STD_LOGIC_UNSIGNED 1381692179
AR work/top_level/Behavioral 1604063194 \
      FL /home/linus/Documents/Xilinx/blink/top_level.vhd EN work/top_level 1604063193
