V3 4
FL /home/linus/Documents/Xilinx/master_thesis/mb/top_level.vhd 2020/11/24.04:37:28 P.20131013
EN work/top_level 1606293875 \
      FL /home/linus/Documents/Xilinx/master_thesis/mb/top_level.vhd \
      PB ieee/std_logic_1164 1381692176
AR work/top_level/Behavioral 1606293876 \
      FL /home/linus/Documents/Xilinx/master_thesis/mb/top_level.vhd \
      EN work/top_level 1606293875 CP microblaze_mcs
